
  Checking File Globs
  1>Checking Build System
  Compiling lm_ambient_compute.hlsl -> dxil
  Generating C:/games/Cataclysm-BN-coop-fork/src/version.h
  Building Custom Rule C:/games/Cataclysm-BN-coop-fork/src/CMakeLists.txt
  Compiling lm_ambient_compute.hlsl -> msl
  Building Custom Rule C:/games/Cataclysm-BN-coop-fork/CMakeLists.txt
  Compiling lm_ambient_compute.hlsl -> spirv
  Compiling lm_clear_seen_compute.hlsl -> dxil
  Building Custom Rule C:/games/Cataclysm-BN-coop-fork/src/sol/CMakeLists.txt
  Compiling lm_clear_seen_compute.hlsl -> msl
  Compiling lm_clear_seen_compute.hlsl -> spirv
  Compiling lm_clear_seen_view_compute.hlsl -> dxil
  Compiling lm_clear_seen_view_compute.hlsl -> msl
  Compiling lm_clear_seen_view_compute.hlsl -> spirv
  Compiling lm_color_raytrace_compute.hlsl -> dxil
  Compiling lm_color_raytrace_compute.hlsl -> msl
  Compiling lm_color_raytrace_compute.hlsl -> spirv
  Compiling lm_daylight_diffuse_compute.hlsl -> dxil
  Compiling lm_daylight_diffuse_compute.hlsl -> msl
  Compiling lm_daylight_diffuse_compute.hlsl -> spirv
  Compiling lm_fill_float_compute.hlsl -> dxil
  Compiling lm_fill_float_compute.hlsl -> msl
  Compiling lm_fill_float_compute.hlsl -> spirv
  Compiling lm_fill_uint_compute.hlsl -> dxil
  Compiling lm_fill_uint_compute.hlsl -> msl
  Compiling lm_fill_uint_compute.hlsl -> spirv
  Compiling lm_max_uint_compute.hlsl -> dxil
  Compiling lm_max_uint_compute.hlsl -> msl
  Compiling lm_max_uint_compute.hlsl -> spirv
  Compiling lm_raytrace_compute.hlsl -> dxil
  Compiling lm_raytrace_compute.hlsl -> msl
  Compiling lm_raytrace_compute.hlsl -> spirv
  Compiling lm_seen_compute.hlsl -> dxil
  Compiling lm_seen_compute.hlsl -> msl
  Compiling lm_seen_compute.hlsl -> spirv
  Compiling lm_seen_walls_compute.hlsl -> dxil
  Compiling lm_seen_walls_compute.hlsl -> msl
  Compiling lm_seen_walls_compute.hlsl -> spirv
  Compiling lm_shift_float_compute.hlsl -> dxil
  Compiling lm_shift_float_compute.hlsl -> msl
  Compiling lm_shift_float_compute.hlsl -> spirv
  Compiling lm_shift_uint_compute.hlsl -> dxil
  Compiling lm_shift_uint_compute.hlsl -> msl
  Compiling lm_shift_uint_compute.hlsl -> spirv
  Compiling lm_sight_pairs_compute.hlsl -> dxil
  Compiling lm_sight_pairs_compute.hlsl -> msl
  Compiling lm_sight_pairs_compute.hlsl -> spirv
  Compiling lm_vehicle_optics_compute.hlsl -> dxil
  Compiling lm_vehicle_optics_compute.hlsl -> msl
  Compiling lm_vehicle_optics_compute.hlsl -> spirv
  Compiling lm_visibility_compute.hlsl -> dxil
  Compiling lm_visibility_compute.hlsl -> msl
  Compiling lm_visibility_compute.hlsl -> spirv
  Compiling test_compute.hlsl -> dxil
  Compiling test_compute.hlsl -> msl
  Compiling test_compute.hlsl -> spirv
  Compiling transparency_compute.hlsl -> dxil
  Compiling transparency_compute.hlsl -> msl
  Compiling transparency_compute.hlsl -> spirv
  Building Custom Rule C:/games/Cataclysm-BN-coop-fork/CMakeLists.txt
  Building Custom Rule C:/games/Cataclysm-BN-coop-fork/src/lua/CMakeLists.txt
cl : командная строка  warning D9025: переопределение "/W1" на "/w" [C:\games\Cataclysm-BN-coop-fork\out\build\windows-tiles-sounds-x64-msvc\src\lua\liblua.vcxproj]
cl : командная строка  warning D9025: переопределение "/W1" на "/w" [C:\games\Cataclysm-BN-coop-fork\out\build\windows-tiles-sounds-x64-msvc\src\lua\liblua.vcxproj]
cl : командная строка  warning D9025: переопределение "/W1" на "/w" [C:\games\Cataclysm-BN-coop-fork\out\build\windows-tiles-sounds-x64-msvc\src\lua\liblua.vcxproj]
cl : командная строка  warning D9025: переопределение "/W1" на "/w" [C:\games\Cataclysm-BN-coop-fork\out\build\windows-tiles-sounds-x64-msvc\src\lua\liblua.vcxproj]
cl : командная строка  warning D9025: переопределение "/W1" на "/w" [C:\games\Cataclysm-BN-coop-fork\out\build\windows-tiles-sounds-x64-msvc\src\lua\liblua.vcxproj]
cl : командная строка  warning D9025: переопределение "/W1" на "/w" [C:\games\Cataclysm-BN-coop-fork\out\build\windows-tiles-sounds-x64-msvc\src\lua\liblua.vcxproj]
cl : командная строка  warning D9025: переопределение "/W1" на "/w" [C:\games\Cataclysm-BN-coop-fork\out\build\windows-tiles-sounds-x64-msvc\src\lua\liblua.vcxproj]
  lapi.c
  lauxlib.c
  lbaselib.c
  lbitlib.c
  lcode.c
  lcorolib.c
cl : командная строка  warning D9025: переопределение "/W1" на "/w" [C:\games\Cataclysm-BN-coop-fork\out\build\windows-tiles-sounds-x64-msvc\src\lua\liblua.vcxproj]
cl : командная строка  warning D9025: переопределение "/W1" на "/w" [C:\games\Cataclysm-BN-coop-fork\out\build\windows-tiles-sounds-x64-msvc\src\lua\liblua.vcxproj]
cl : командная строка  warning D9025: переопределение "/W1" на "/w" [C:\games\Cataclysm-BN-coop-fork\out\build\windows-tiles-sounds-x64-msvc\src\lua\liblua.vcxproj]
  lctype.c
  ldblib.c
cl : командная строка  warning D9025: переопределение "/W1" на "/w" [C:\games\Cataclysm-BN-coop-fork\out\build\windows-tiles-sounds-x64-msvc\src\lua\liblua.vcxproj]
  ldebug.c
cl : командная строка  warning D9025: переопределение "/W1" на "/w" [C:\games\Cataclysm-BN-coop-fork\out\build\windows-tiles-sounds-x64-msvc\src\lua\liblua.vcxproj]
  ldo.c
cl : командная строка  warning D9025: переопределение "/W1" на "/w" [C:\games\Cataclysm-BN-coop-fork\out\build\windows-tiles-sounds-x64-msvc\src\lua\liblua.vcxproj]
  ldump.c
  lfunc.c
  lgc.c
  linit.c
  liolib.c
  llex.c
  lmathlib.c
  lmem.c
  loadlib.c
  lobject.c
  lopcodes.c
  loslib.c
  lparser.c
  lstate.c
  lstring.c
  lstrlib.c
  ltable.c
  ltablib.c
  ltm.c
  lundump.c
  lutf8lib.c
  lvm.c
  lzio.c
  liblua.vcxproj -> C:\games\Cataclysm-BN-coop-fork\out\build\windows-tiles-sounds-x64-msvc\src\lua\Release\liblua.lib
  Building Custom Rule C:/games/Cataclysm-BN-coop-fork/src/CMakeLists.txt
  achievement.cpp
  action.cpp
  active_item_cache.cpp
  active_tile_data.cpp
  activity_actor.cpp
  activity_handlers.cpp
  activity_item_handling.cpp
  activity_speed.cpp
  activity_speed_adapters.cpp
  activity_type.cpp
  addiction.cpp
  advanced_inv.cpp
  advanced_inv_area.cpp
  advanced_inv_listitem.cpp
  advanced_inv_pane.cpp
  ammo.cpp
  ammo_effect.cpp
  anatomy.cpp
  animation.cpp
  armor_layers.cpp
  artifact.cpp
  ascii_art.cpp
  assign.cpp
  auto_note.cpp
  auto_pickup.cpp
  avatar.cpp
  avatar_action.cpp
  avatar_functions.cpp
  ballistics.cpp
  batch_turns.cpp
  behavior.cpp
  behavior_oracle.cpp
  behavior_strategy.cpp
  bionics.cpp
  bionics_ui.cpp
  bodypart.cpp
  bonuses.cpp
  cached_item_options.cpp
  cached_options.cpp
  calendar.cpp
  cata_libintl.cpp
  cata_tiles.cpp
  cata_tiles_color.cpp
  cata_utility.cpp
  cata_variant.cpp
  catacharset.cpp
  catalua.cpp
  catalua_console.cpp
  catalua_coord.cpp
  catalua_creature_filters.cpp
  catalua_hooks.cpp
  catalua_icallback_actor.cpp
  catalua_impl.cpp
  catalua_loader.cpp
  catalua_log.cpp
  catalua_mapgen.cpp
  catalua_readonly.cpp
  catalua_serde.cpp
  cellular_automata.cpp
C:\Program Files (x86)\Microsoft Visual Studio\2022\BuildTools\VC\Tools\MSVC\14.44.35207\include\optional(166,65): warning C4244: =: преобразование "_Ty" в "_Ty", возможна потеря данных [C:\games\Cataclysm-BN-coop-fork\out\build\windows-tiles-sounds-x64-msvc\src\cataclysm-bn-tiles-common.vcxproj]
C:\Program Files (x86)\Microsoft Visual Studio\2022\BuildTools\VC\Tools\MSVC\14.44.35207\include\optional(166,65): warning C4244:         with [C:\games\Cataclysm-BN-coop-fork\out\build\windows-tiles-sounds-x64-msvc\src\cataclysm-bn-tiles-common.vcxproj]
C:\Program Files (x86)\Microsoft Visual Studio\2022\BuildTools\VC\Tools\MSVC\14.44.35207\include\optional(166,65): warning C4244:         [ [C:\games\Cataclysm-BN-coop-fork\out\build\windows-tiles-sounds-x64-msvc\src\cataclysm-bn-tiles-common.vcxproj]
C:\Program Files (x86)\Microsoft Visual Studio\2022\BuildTools\VC\Tools\MSVC\14.44.35207\include\optional(166,65): warning C4244:             _Ty=double [C:\games\Cataclysm-BN-coop-fork\out\build\windows-tiles-sounds-x64-msvc\src\cataclysm-bn-tiles-common.vcxproj]
C:\Program Files (x86)\Microsoft Visual Studio\2022\BuildTools\VC\Tools\MSVC\14.44.35207\include\optional(166,65): warning C4244:         ] [C:\games\Cataclysm-BN-coop-fork\out\build\windows-tiles-sounds-x64-msvc\src\cataclysm-bn-tiles-common.vcxproj]
C:\Program Files (x86)\Microsoft Visual Studio\2022\BuildTools\VC\Tools\MSVC\14.44.35207\include\optional(166,65): warning C4244:         and [C:\games\Cataclysm-BN-coop-fork\out\build\windows-tiles-sounds-x64-msvc\src\cataclysm-bn-tiles-common.vcxproj]
C:\Program Files (x86)\Microsoft Visual Studio\2022\BuildTools\VC\Tools\MSVC\14.44.35207\include\optional(166,65): warning C4244:         [ [C:\games\Cataclysm-BN-coop-fork\out\build\windows-tiles-sounds-x64-msvc\src\cataclysm-bn-tiles-common.vcxproj]
C:\Program Files (x86)\Microsoft Visual Studio\2022\BuildTools\VC\Tools\MSVC\14.44.35207\include\optional(166,65): warning C4244:             _Ty=float [C:\games\Cataclysm-BN-coop-fork\out\build\windows-tiles-sounds-x64-msvc\src\cataclysm-bn-tiles-common.vcxproj]
C:\Program Files (x86)\Microsoft Visual Studio\2022\BuildTools\VC\Tools\MSVC\14.44.35207\include\optional(166,65): warning C4244:         ] [C:\games\Cataclysm-BN-coop-fork\out\build\windows-tiles-sounds-x64-msvc\src\cataclysm-bn-tiles-common.vcxproj]
  (компиляция исходного файла "../../../../src/cata_tiles.cpp")
      C:\Program Files (x86)\Microsoft Visual Studio\2022\BuildTools\VC\Tools\MSVC\14.44.35207\include\optional(166,65):
      контекст создания экземпляра шаблона (сначала самый старый)
          C:\games\Cataclysm-BN-coop-fork\src\cata_tiles.cpp(2538,30):
          выполняется компиляция ссылки на экземпляр шаблон функции "std::optional<float> &std::optional<float>::operator =<double,0>(_Ty2 &&) noexcept"
          with
          [
              _Ty2=double
          ]
              C:\games\Cataclysm-BN-coop-fork\src\cata_tiles.cpp(2538,30):
              см. первую ссылку на "std::optional<float>::operator =" в "tileset_loader::load_internal"
          C:\Program Files (x86)\Microsoft Visual Studio\2022\BuildTools\VC\Tools\MSVC\14.44.35207\include\optional(312,15):
          выполняется компиляция ссылки на экземпляр шаблон функции "void std::_Optional_construct_base<_Ty>::_Assign<double>(_Ty2 &&) noexcept"
          with
          [
              _Ty=float,
              _Ty2=double
          ]
  
  char_validity_check.cpp
  character.cpp
  character_display.cpp
C:\Program Files (x86)\Microsoft Visual Studio\2022\BuildTools\VC\Tools\MSVC\14.44.35207\include\xutility(462,64): warning C4244: инициализация: преобразование "_Ty" в "_Ty", возможна потеря данных [C:\games\Cataclysm-BN-coop-fork\out\build\windows-tiles-sounds-x64-msvc\src\cataclysm-bn-tiles-common.vcxproj]
C:\Program Files (x86)\Microsoft Visual Studio\2022\BuildTools\VC\Tools\MSVC\14.44.35207\include\xutility(462,64): warning C4244:         with [C:\games\Cataclysm-BN-coop-fork\out\build\windows-tiles-sounds-x64-msvc\src\cataclysm-bn-tiles-common.vcxproj]
C:\Program Files (x86)\Microsoft Visual Studio\2022\BuildTools\VC\Tools\MSVC\14.44.35207\include\xutility(462,64): warning C4244:         [ [C:\games\Cataclysm-BN-coop-fork\out\build\windows-tiles-sounds-x64-msvc\src\cataclysm-bn-tiles-common.vcxproj]
C:\Program Files (x86)\Microsoft Visual Studio\2022\BuildTools\VC\Tools\MSVC\14.44.35207\include\xutility(462,64): warning C4244:             _Ty=double [C:\games\Cataclysm-BN-coop-fork\out\build\windows-tiles-sounds-x64-msvc\src\cataclysm-bn-tiles-common.vcxproj]
C:\Program Files (x86)\Microsoft Visual Studio\2022\BuildTools\VC\Tools\MSVC\14.44.35207\include\xutility(462,64): warning C4244:         ] [C:\games\Cataclysm-BN-coop-fork\out\build\windows-tiles-sounds-x64-msvc\src\cataclysm-bn-tiles-common.vcxproj]
C:\Program Files (x86)\Microsoft Visual Studio\2022\BuildTools\VC\Tools\MSVC\14.44.35207\include\xutility(462,64): warning C4244:         and [C:\games\Cataclysm-BN-coop-fork\out\build\windows-tiles-sounds-x64-msvc\src\cataclysm-bn-tiles-common.vcxproj]
C:\Program Files (x86)\Microsoft Visual Studio\2022\BuildTools\VC\Tools\MSVC\14.44.35207\include\xutility(462,64): warning C4244:         [ [C:\games\Cataclysm-BN-coop-fork\out\build\windows-tiles-sounds-x64-msvc\src\cataclysm-bn-tiles-common.vcxproj]
C:\Program Files (x86)\Microsoft Visual Studio\2022\BuildTools\VC\Tools\MSVC\14.44.35207\include\xutility(462,64): warning C4244:             _Ty=float [C:\games\Cataclysm-BN-coop-fork\out\build\windows-tiles-sounds-x64-msvc\src\cataclysm-bn-tiles-common.vcxproj]
C:\Program Files (x86)\Microsoft Visual Studio\2022\BuildTools\VC\Tools\MSVC\14.44.35207\include\xutility(462,64): warning C4244:         ] [C:\games\Cataclysm-BN-coop-fork\out\build\windows-tiles-sounds-x64-msvc\src\cataclysm-bn-tiles-common.vcxproj]
  (компиляция исходного файла "../../../../src/cata_tiles.cpp")
      C:\Program Files (x86)\Microsoft Visual Studio\2022\BuildTools\VC\Tools\MSVC\14.44.35207\include\xutility(462,64):
      контекст создания экземпляра шаблона (сначала самый старый)
          C:\Program Files (x86)\Microsoft Visual Studio\2022\BuildTools\VC\Tools\MSVC\14.44.35207\include\optional(312,15):
          выполняется компиляция ссылки на экземпляр шаблон функции "void std::_Optional_construct_base<_Ty>::_Assign<double>(_Ty2 &&) noexcept"
          with
          [
              _Ty=float,
              _Ty2=double
          ]
          C:\Program Files (x86)\Microsoft Visual Studio\2022\BuildTools\VC\Tools\MSVC\14.44.35207\include\optional(168,13):
          выполняется компиляция ссылки на экземпляр шаблон функции "_Ty &std::_Optional_construct_base<_Ty>::_Construct<double>(double &&) noexcept"
          with
          [
              _Ty=float
          ]
          C:\Program Files (x86)\Microsoft Visual Studio\2022\BuildTools\VC\Tools\MSVC\14.44.35207\include\optional(156,14):
          выполняется компиляция ссылки на экземпляр шаблон функции "void std::_Construct_in_place<float,_Ty>(float &,_Ty &&) noexcept"
          with
          [
              _Ty=double
          ]
          C:\Program Files (x86)\Microsoft Visual Studio\2022\BuildTools\VC\Tools\MSVC\14.44.35207\include\xutility(472,14):
          выполняется компиляция ссылки на экземпляр шаблон функции "_Ty *std::construct_at<_Ty,double>(_Ty *const ,double &&) noexcept(<expr>)"
          with
          [
              _Ty=float
          ]
  
C:\Program Files (x86)\Microsoft Visual Studio\2022\BuildTools\VC\Tools\MSVC\14.44.35207\include\xutility(476,61): warning C4244: инициализация: преобразование "_Ty" в "float", возможна потеря данных [C:\games\Cataclysm-BN-coop-fork\out\build\windows-tiles-sounds-x64-msvc\src\cataclysm-bn-tiles-common.vcxproj]
C:\Program Files (x86)\Microsoft Visual Studio\2022\BuildTools\VC\Tools\MSVC\14.44.35207\include\xutility(476,61): warning C4244:         with [C:\games\Cataclysm-BN-coop-fork\out\build\windows-tiles-sounds-x64-msvc\src\cataclysm-bn-tiles-common.vcxproj]
C:\Program Files (x86)\Microsoft Visual Studio\2022\BuildTools\VC\Tools\MSVC\14.44.35207\include\xutility(476,61): warning C4244:         [ [C:\games\Cataclysm-BN-coop-fork\out\build\windows-tiles-sounds-x64-msvc\src\cataclysm-bn-tiles-common.vcxproj]
C:\Program Files (x86)\Microsoft Visual Studio\2022\BuildTools\VC\Tools\MSVC\14.44.35207\include\xutility(476,61): warning C4244:             _Ty=double [C:\games\Cataclysm-BN-coop-fork\out\build\windows-tiles-sounds-x64-msvc\src\cataclysm-bn-tiles-common.vcxproj]
C:\Program Files (x86)\Microsoft Visual Studio\2022\BuildTools\VC\Tools\MSVC\14.44.35207\include\xutility(476,61): warning C4244:         ] [C:\games\Cataclysm-BN-coop-fork\out\build\windows-tiles-sounds-x64-msvc\src\cataclysm-bn-tiles-common.vcxproj]
  (компиляция исходного файла "../../../../src/cata_tiles.cpp")
  
  character_effects.cpp
C:\Program Files (x86)\Microsoft Visual Studio\2022\BuildTools\VC\Tools\MSVC\14.44.35207\include\xutility(463,69): warning C4244: инициализация: преобразование "_Ty" в "_Ty", возможна потеря данных [C:\games\Cataclysm-BN-coop-fork\out\build\windows-tiles-sounds-x64-msvc\src\cataclysm-bn-tiles-common.vcxproj]
C:\Program Files (x86)\Microsoft Visual Studio\2022\BuildTools\VC\Tools\MSVC\14.44.35207\include\xutility(463,69): warning C4244:         with [C:\games\Cataclysm-BN-coop-fork\out\build\windows-tiles-sounds-x64-msvc\src\cataclysm-bn-tiles-common.vcxproj]
C:\Program Files (x86)\Microsoft Visual Studio\2022\BuildTools\VC\Tools\MSVC\14.44.35207\include\xutility(463,69): warning C4244:         [ [C:\games\Cataclysm-BN-coop-fork\out\build\windows-tiles-sounds-x64-msvc\src\cataclysm-bn-tiles-common.vcxproj]
C:\Program Files (x86)\Microsoft Visual Studio\2022\BuildTools\VC\Tools\MSVC\14.44.35207\include\xutility(463,69): warning C4244:             _Ty=double [C:\games\Cataclysm-BN-coop-fork\out\build\windows-tiles-sounds-x64-msvc\src\cataclysm-bn-tiles-common.vcxproj]
C:\Program Files (x86)\Microsoft Visual Studio\2022\BuildTools\VC\Tools\MSVC\14.44.35207\include\xutility(463,69): warning C4244:         ] [C:\games\Cataclysm-BN-coop-fork\out\build\windows-tiles-sounds-x64-msvc\src\cataclysm-bn-tiles-common.vcxproj]
C:\Program Files (x86)\Microsoft Visual Studio\2022\BuildTools\VC\Tools\MSVC\14.44.35207\include\xutility(463,69): warning C4244:         and [C:\games\Cataclysm-BN-coop-fork\out\build\windows-tiles-sounds-x64-msvc\src\cataclysm-bn-tiles-common.vcxproj]
C:\Program Files (x86)\Microsoft Visual Studio\2022\BuildTools\VC\Tools\MSVC\14.44.35207\include\xutility(463,69): warning C4244:         [ [C:\games\Cataclysm-BN-coop-fork\out\build\windows-tiles-sounds-x64-msvc\src\cataclysm-bn-tiles-common.vcxproj]
C:\Program Files (x86)\Microsoft Visual Studio\2022\BuildTools\VC\Tools\MSVC\14.44.35207\include\xutility(463,69): warning C4244:             _Ty=float [C:\games\Cataclysm-BN-coop-fork\out\build\windows-tiles-sounds-x64-msvc\src\cataclysm-bn-tiles-common.vcxproj]
C:\Program Files (x86)\Microsoft Visual Studio\2022\BuildTools\VC\Tools\MSVC\14.44.35207\include\xutility(463,69): warning C4244:         ] [C:\games\Cataclysm-BN-coop-fork\out\build\windows-tiles-sounds-x64-msvc\src\cataclysm-bn-tiles-common.vcxproj]
  (компиляция исходного файла "../../../../src/cata_tiles.cpp")
      C:\Program Files (x86)\Microsoft Visual Studio\2022\BuildTools\VC\Tools\MSVC\14.44.35207\include\xutility(463,69):
      контекст создания экземпляра шаблона (сначала самый старый)
          C:\Program Files (x86)\Microsoft Visual Studio\2022\BuildTools\VC\Tools\MSVC\14.44.35207\include\optional(156,14):
          выполняется компиляция ссылки на экземпляр шаблон функции "void std::_Construct_in_place<float,_Ty>(float &,_Ty &&) noexcept"
          with
          [
              _Ty=double
          ]
          C:\Program Files (x86)\Microsoft Visual Studio\2022\BuildTools\VC\Tools\MSVC\14.44.35207\include\xutility(472,14):
          выполняется компиляция ссылки на экземпляр шаблон функции "_Ty *std::construct_at<_Ty,double>(_Ty *const ,double &&) noexcept"
          with
          [
              _Ty=float
          ]
  
  character_functions.cpp
  character_martial_arts.cpp
  character_oracle.cpp
  character_preview.cpp
  character_state_provider.cpp
  character_turn.cpp
  clothing_mod.cpp
  clothing_utils.cpp
  clzones.cpp
  color.cpp
  compress.cpp
  gpu_lm.cpp
  gpu_platform.cpp
  gpu_transparency.cpp
  computer.cpp
  computer_session.cpp
  condition.cpp
  construction.cpp
  construction_category.cpp
  construction_group.cpp
  consumption.cpp
  craft_command.cpp
  crafting.cpp
  crafting_gui.cpp
  crafting_quality.cpp
  crash.cpp
C:\Program Files (x86)\Microsoft Visual Studio\2022\BuildTools\VC\Tools\MSVC\14.44.35207\include\utility(274,54): warning C4244: инициализация: преобразование "const double" в "_Ty2", возможна потеря данных [C:\games\Cataclysm-BN-coop-fork\out\build\windows-tiles-sounds-x64-msvc\src\cataclysm-bn-tiles-common.vcxproj]
C:\Program Files (x86)\Microsoft Visual Studio\2022\BuildTools\VC\Tools\MSVC\14.44.35207\include\utility(274,54): warning C4244:         with [C:\games\Cataclysm-BN-coop-fork\out\build\windows-tiles-sounds-x64-msvc\src\cataclysm-bn-tiles-common.vcxproj]
C:\Program Files (x86)\Microsoft Visual Studio\2022\BuildTools\VC\Tools\MSVC\14.44.35207\include\utility(274,54): warning C4244:         [ [C:\games\Cataclysm-BN-coop-fork\out\build\windows-tiles-sounds-x64-msvc\src\cataclysm-bn-tiles-common.vcxproj]
C:\Program Files (x86)\Microsoft Visual Studio\2022\BuildTools\VC\Tools\MSVC\14.44.35207\include\utility(274,54): warning C4244:             _Ty2=float [C:\games\Cataclysm-BN-coop-fork\out\build\windows-tiles-sounds-x64-msvc\src\cataclysm-bn-tiles-common.vcxproj]
C:\Program Files (x86)\Microsoft Visual Studio\2022\BuildTools\VC\Tools\MSVC\14.44.35207\include\utility(274,54): warning C4244:         ] [C:\games\Cataclysm-BN-coop-fork\out\build\windows-tiles-sounds-x64-msvc\src\cataclysm-bn-tiles-common.vcxproj]
  (компиляция исходного файла "../../../../src/construction.cpp")
      C:\Program Files (x86)\Microsoft Visual Studio\2022\BuildTools\VC\Tools\MSVC\14.44.35207\include\utility(274,54):
      контекст создания экземпляра шаблона (сначала самый старый)
          C:\games\Cataclysm-BN-coop-fork\src\construction.cpp(806,29):
          выполняется компиляция ссылки на экземпляр шаблон функции "std::pair<std::basic_string<char,std::char_traits<char>,std::allocator<char>>,float>::pair<const char*,const double&,0>(_Other1 &&,_Other2) noexcept(false)"
          with
          [
              _Other1=const char *,
              _Other2=const double &
          ]
              C:\games\Cataclysm-BN-coop-fork\src\construction.cpp(799,44):
              см. первую ссылку на "std::pair<std::basic_string<char,std::char_traits<char>,std::allocator<char>>,float>::pair" в "construction_menu::<lambda_4>::operator ()"
  
  creature.cpp
  creature_functions.cpp
  creature_tracker.cpp
  cursesport.cpp
  damage.cpp
  debug.cpp
C:\Program Files (x86)\Microsoft Visual Studio\2022\BuildTools\VC\Tools\MSVC\14.44.35207\include\utility(274,54): warning C4244: инициализация: преобразование "const double" в "_Ty2", возможна потеря данных [C:\games\Cataclysm-BN-coop-fork\out\build\windows-tiles-sounds-x64-msvc\src\cataclysm-bn-tiles-common.vcxproj]
C:\Program Files (x86)\Microsoft Visual Studio\2022\BuildTools\VC\Tools\MSVC\14.44.35207\include\utility(274,54): warning C4244:         with [C:\games\Cataclysm-BN-coop-fork\out\build\windows-tiles-sounds-x64-msvc\src\cataclysm-bn-tiles-common.vcxproj]
C:\Program Files (x86)\Microsoft Visual Studio\2022\BuildTools\VC\Tools\MSVC\14.44.35207\include\utility(274,54): warning C4244:         [ [C:\games\Cataclysm-BN-coop-fork\out\build\windows-tiles-sounds-x64-msvc\src\cataclysm-bn-tiles-common.vcxproj]
C:\Program Files (x86)\Microsoft Visual Studio\2022\BuildTools\VC\Tools\MSVC\14.44.35207\include\utility(274,54): warning C4244:             _Ty2=float [C:\games\Cataclysm-BN-coop-fork\out\build\windows-tiles-sounds-x64-msvc\src\cataclysm-bn-tiles-common.vcxproj]
C:\Program Files (x86)\Microsoft Visual Studio\2022\BuildTools\VC\Tools\MSVC\14.44.35207\include\utility(274,54): warning C4244:         ] [C:\games\Cataclysm-BN-coop-fork\out\build\windows-tiles-sounds-x64-msvc\src\cataclysm-bn-tiles-common.vcxproj]
  (компиляция исходного файла "../../../../src/crafting_gui.cpp")
      C:\Program Files (x86)\Microsoft Visual Studio\2022\BuildTools\VC\Tools\MSVC\14.44.35207\include\utility(274,54):
      контекст создания экземпляра шаблона (сначала самый старый)
          C:\games\Cataclysm-BN-coop-fork\src\crafting_gui.cpp(502,17):
          выполняется компиляция ссылки на экземпляр шаблон функции "std::pair<std::string,float>::pair<const char*,const double&,0>(_Other1 &&,_Other2) noexcept(false)"
          with
          [
              _Other1=const char *,
              _Other2=const double &
          ]
              C:\games\Cataclysm-BN-coop-fork\src\crafting_gui.cpp(502,17):
              см. первую ссылку на "std::pair<std::string,float>::pair" в "recipe_info"
  
  debug_menu.cpp
  demangle.cpp
  dependency_tree.cpp
  descriptions.cpp
  detached_ptr.cpp
C:\Program Files (x86)\Microsoft Visual Studio\2022\BuildTools\VC\Tools\MSVC\14.44.35207\include\optional(82,17): warning C4244: инициализация: преобразование "_Ty" в "float", возможна потеря данных [C:\games\Cataclysm-BN-coop-fork\out\build\windows-tiles-sounds-x64-msvc\src\cataclysm-bn-tiles-common.vcxproj]
C:\Program Files (x86)\Microsoft Visual Studio\2022\BuildTools\VC\Tools\MSVC\14.44.35207\include\optional(82,17): warning C4244:         with [C:\games\Cataclysm-BN-coop-fork\out\build\windows-tiles-sounds-x64-msvc\src\cataclysm-bn-tiles-common.vcxproj]
C:\Program Files (x86)\Microsoft Visual Studio\2022\BuildTools\VC\Tools\MSVC\14.44.35207\include\optional(82,17): warning C4244:         [ [C:\games\Cataclysm-BN-coop-fork\out\build\windows-tiles-sounds-x64-msvc\src\cataclysm-bn-tiles-common.vcxproj]
C:\Program Files (x86)\Microsoft Visual Studio\2022\BuildTools\VC\Tools\MSVC\14.44.35207\include\optional(82,17): warning C4244:             _Ty=double [C:\games\Cataclysm-BN-coop-fork\out\build\windows-tiles-sounds-x64-msvc\src\cataclysm-bn-tiles-common.vcxproj]
C:\Program Files (x86)\Microsoft Visual Studio\2022\BuildTools\VC\Tools\MSVC\14.44.35207\include\optional(82,17): warning C4244:         ] [C:\games\Cataclysm-BN-coop-fork\out\build\windows-tiles-sounds-x64-msvc\src\cataclysm-bn-tiles-common.vcxproj]
  (компиляция исходного файла "../../../../src/damage.cpp")
      C:\Program Files (x86)\Microsoft Visual Studio\2022\BuildTools\VC\Tools\MSVC\14.44.35207\include\optional(82,17):
      контекст создания экземпляра шаблона (сначала самый старый)
          C:\games\Cataclysm-BN-coop-fork\src\damage.cpp(564,41):
          выполняется компиляция ссылки на экземпляр шаблон функции "std::optional<float> std::make_optional<float,double,0>(double &&) noexcept"
          C:\Program Files (x86)\Microsoft Visual Studio\2022\BuildTools\VC\Tools\MSVC\14.44.35207\include\optional(979,36):
          выполняется компиляция ссылки на экземпляр шаблон функции "std::optional<float>::optional<_Ty,0>(std::in_place_t,_Ty &&) noexcept"
          with
          [
              _Ty=double
          ]
          C:\Program Files (x86)\Microsoft Visual Studio\2022\BuildTools\VC\Tools\MSVC\14.44.35207\include\optional(255,18):
          выполняется компиляция ссылки на экземпляр шаблон функции "std::_Optional_construct_base<_Ty>::_Optional_construct_base<double>(std::in_place_t,double &&)"
          with
          [
              _Ty=float
          ]
          C:\games\Cataclysm-BN-coop-fork\src\damage.cpp(648,1):
          выполняется компиляция ссылки на экземпляр шаблон функции "std::_Optional_destruct_base<_Ty,true>::_Optional_destruct_base<double>(std::in_place_t,double &&) noexcept"
          with
          [
              _Ty=float
          ]
  
  dialogue_win.cpp
  diary.cpp
  diary_ui.cpp
  disease.cpp
C:\games\Cataclysm-BN-coop-fork\src\damage.cpp(63,1): warning C4715: damage_unit::get_internal_name: значение возвращается не при всех путях выполнения [C:\games\Cataclysm-BN-coop-fork\out\build\windows-tiles-sounds-x64-msvc\src\cataclysm-bn-tiles-common.vcxproj]
  dispersion.cpp
  distraction_manager.cpp
  distribution.cpp
  distribution_grid.cpp
  drawing_primitives.cpp
  drop_token.cpp
  dump.cpp
  dynamic_atlas.cpp
  editmap.cpp
  effect.cpp
  enchanter.cpp
  enchantment.cpp
  enchantment_condition.cpp
  enchantment_flag.cpp
  enchantment_value.cpp
  enchantment_vision.cpp
  enum_conversions.cpp
  event.cpp
  event_bus.cpp
  event_field_transformations.cpp
C:\Program Files (x86)\Microsoft Visual Studio\2022\BuildTools\VC\Tools\MSVC\14.44.35207\include\utility(274,54): warning C4244: инициализация: преобразование "const double" в "_Ty2", возможна потеря данных [C:\games\Cataclysm-BN-coop-fork\out\build\windows-tiles-sounds-x64-msvc\src\cataclysm-bn-tiles-common.vcxproj]
C:\Program Files (x86)\Microsoft Visual Studio\2022\BuildTools\VC\Tools\MSVC\14.44.35207\include\utility(274,54): warning C4244:         with [C:\games\Cataclysm-BN-coop-fork\out\build\windows-tiles-sounds-x64-msvc\src\cataclysm-bn-tiles-common.vcxproj]
C:\Program Files (x86)\Microsoft Visual Studio\2022\BuildTools\VC\Tools\MSVC\14.44.35207\include\utility(274,54): warning C4244:         [ [C:\games\Cataclysm-BN-coop-fork\out\build\windows-tiles-sounds-x64-msvc\src\cataclysm-bn-tiles-common.vcxproj]
C:\Program Files (x86)\Microsoft Visual Studio\2022\BuildTools\VC\Tools\MSVC\14.44.35207\include\utility(274,54): warning C4244:             _Ty2=int [C:\games\Cataclysm-BN-coop-fork\out\build\windows-tiles-sounds-x64-msvc\src\cataclysm-bn-tiles-common.vcxproj]
C:\Program Files (x86)\Microsoft Visual Studio\2022\BuildTools\VC\Tools\MSVC\14.44.35207\include\utility(274,54): warning C4244:         ] [C:\games\Cataclysm-BN-coop-fork\out\build\windows-tiles-sounds-x64-msvc\src\cataclysm-bn-tiles-common.vcxproj]
  (компиляция исходного файла "../../../../src/enchantments/enchantment.cpp")
      C:\Program Files (x86)\Microsoft Visual Studio\2022\BuildTools\VC\Tools\MSVC\14.44.35207\include\utility(274,54):
      контекст создания экземпляра шаблона (сначала самый старый)
          C:\games\Cataclysm-BN-coop-fork\src\enchantments\enchantment.cpp(296,40):
          выполняется компиляция ссылки на экземпляр шаблон функции "std::pair<std::_Tree_iterator<std::_Tree_val<std::_Tree_simple_types<std::pair<const enchantment_value_id,int>>>>,bool> std::_Tree<std::_Tmap_traits<_Kty,_Ty,_Pr,_Alloc,false>>::emplace<enchantment_value_id&,const double&>(enchantment_value_id &,const double &)"
          with
          [
              _Kty=enchantment_value_id,
              _Ty=int,
              _Pr=std::less<enchantment_value_id>,
              _Alloc=std::allocator<std::pair<const enchantment_value_id,int>>
          ]
              C:\games\Cataclysm-BN-coop-fork\src\enchantments\enchantment.cpp(296,47):
              см. первую ссылку на "std::_Tree<std::_Tmap_traits<_Kty,_Ty,_Pr,_Alloc,false>>::emplace" в "enchantment::load"
          with
          [
              _Kty=enchantment_value_id,
              _Ty=int,
              _Pr=std::less<enchantment_value_id>,
              _Alloc=std::allocator<std::pair<const enchantment_value_id,int>>
          ]
          C:\Program Files (x86)\Microsoft Visual Studio\2022\BuildTools\VC\Tools\MSVC\14.44.35207\include\xtree(1048,30):
          выполняется компиляция ссылки на экземпляр шаблон функции "std::pair<std::_Tree_node<std::pair<const enchantment_value_id,int>,std::_Default_allocator_traits<_Alloc>::void_pointer> *,bool> std::_Tree<std::_Tmap_traits<_Kty,_Ty,_Pr,_Alloc,false>>::_Emplace<enchantment_value_id&,const double&>(enchantment_value_id &,const double &)"
          with
          [
              _Alloc=std::allocator<std::pair<const enchantment_value_id,int>>,
              _Kty=enchantment_value_id,
              _Ty=int,
              _Pr=std::less<enchantment_value_id>
          ]
          C:\Program Files (x86)\Microsoft Visual Studio\2022\BuildTools\VC\Tools\MSVC\14.44.35207\include\xtree(1023,49):
          выполняется компиляция ссылки на экземпляр шаблон функции "std::_Tree_temp_node<std::allocator<std::_Tree_node<std::pair<const enchantment_value_id,int>,std::_Default_allocator_traits<_Alloc>::void_pointer>>>::_Tree_temp_node<enchantment_value_id&,const double&>(_Alnode &,std::_Tree_node<std::pair<const enchantment_value_id,int>,std::_Default_allocator_traits<_Alloc>::void_pointer> *,enchantment_value_id &,const double &)"
          with
          [
              _Alloc=std::allocator<std::pair<const enchantment_value_id,int>>,
              _Alnode=std::allocator<std::_Tree_node<std::pair<const enchantment_value_id,int>,std::_Default_allocator_traits<std::allocator<std::pair<const enchantment_value_id,int>>>::void_pointer>>
          ]
          C:\Program Files (x86)\Microsoft Visual Studio\2022\BuildTools\VC\Tools\MSVC\14.44.35207\include\xtree(830,25):
          выполняется компиляция ссылки на экземпляр шаблон функции "void std::_Default_allocator_traits<_Alloc>::construct<_Ty,enchantment_value_id&,const double&>(_Alloc &,_Objty *const ,enchantment_value_id &,const double &)"
          with
          [
              _Alloc=std::allocator<std::_Tree_node<std::pair<const enchantment_value_id,int>,std::_Default_allocator_traits<std::allocator<std::pair<const enchantment_value_id,int>>>::void_pointer>>,
              _Ty=std::pair<const enchantment_value_id,int>,
              _Objty=std::pair<const enchantment_value_id,int>
          ]
          C:\Program Files (x86)\Microsoft Visual Studio\2022\BuildTools\VC\Tools\MSVC\14.44.35207\include\xmemory(730,14):
          выполняется компиляция ссылки на экземпляр шаблон функции "_Ty *std::construct_at<_Objty,enchantment_value_id&,const double&>(_Ty *const ,enchantment_value_id &,const double &) noexcept"
          with
          [
              _Ty=std::pair<const enchantment_value_id,int>,
              _Objty=std::pair<const enchantment_value_id,int>
          ]
          C:\Program Files (x86)\Microsoft Visual Studio\2022\BuildTools\VC\Tools\MSVC\14.44.35207\include\xutility(463,69):
          выполняется компиляция ссылки на экземпляр шаблон функции "std::pair<const enchantment_value_id,int>::pair<enchantment_value_id&,const double&,0>(_Other1,_Other2) noexcept"
          with
          [
              _Other1=enchantment_value_id &,
              _Other2=const double &
          ]
  
  event_statistics.cpp
  examine_item_menu.cpp
  explosion.cpp
  faction.cpp
  fault.cpp
  filesystem.cpp
  fire_spread_loader.cpp
  flag.cpp
  flag_trait.cpp
  fluid_grid.cpp
  fmtlib_format.cpp
  font_loader.cpp
  fungal_effects.cpp
  game.cpp
  game_info.cpp
  game_inventory.cpp
  game_object.cpp
  game_ui.cpp
  gamemode.cpp
  gamemode_defense.cpp
  gamemode_tutorial.cpp
  gates.cpp
  generic_factory.cpp
  grab.cpp
  handle_action.cpp
  handle_liquid.cpp
  harvest.cpp
  help.cpp
  hsv_color.cpp
  iexamine.cpp
  iexamine_elevator.cpp
  ime.cpp
  init.cpp
  input.cpp
  inventory.cpp
  inventory_ui.cpp
  item.cpp
  item_action.cpp
  item_category.cpp
  item_contents.cpp
C:\games\Cataclysm-BN-coop-fork\src\init.cpp(1145,11): warning C4286: const JsonError &: перехвачено базовым классом ("const std::exception &") в строке 1143 [C:\games\Cataclysm-BN-coop-fork\out\build\windows-tiles-sounds-x64-msvc\src\cataclysm-bn-tiles-common.vcxproj]
  item_factory.cpp
  item_functions.cpp
  item_group.cpp
  item_hauling.cpp
  item_search.cpp
  item_stack.cpp
  iteminfo_armor.cpp
  iteminfo_format_utils.cpp
  iteminfo_query.cpp
  itype.cpp
  iuse.cpp
  iuse_actor.cpp
  iuse_software.cpp
  iuse_software_kitten.cpp
  iuse_software_lightson.cpp
  iuse_software_minesweeper.cpp
  iuse_software_snake.cpp
